✔ hashtag source titles have readable headings while original titles remain available (222.6036ms)
✔ actual source inventory preserves sitemap pages and every older public archive URL (68.9657ms)
✔ server-rendered main and category pages contain24 cards and correct nonoverlapping pagination (23.1918ms)
✔ known category variants and malformed pagination fail safely (6.4529ms)
✔ search input is escaped, uncached, noindexed and absent from metadata and JSON-LD (27.0697ms)
✔ detail and older alias preserve identity without eager external players (15.079ms)
✔ VideoObject requires source fields, trustworthy dates and safe source descriptions (0.4161ms)
✔ protected hosts, methods, app routes and unknown neighbors pass through without reading data (0.8054ms)
✔ HEAD, missing-source503 and shared-shell integration retain safe response semantics (128.5662ms)
✔ common-shell response policy overrides CSP while cookie/search HTML stays private (164.6086ms)
✔ flat runtime is equivalent and transient catalogue/shell failures recover (348.1351ms)
✔ Google challenge is short-lived, private and shared only as a hash (46.6877ms)
✔ Google credential preflight binds audience, issuer, expiry and nonce before Supabase verification (2.66ms)
✔ invalid or stale Google ID tokens cannot unlock or leave Ask; CSRF remains required (3.0533ms)
✔ verification and profile contact require the signed-in server identity, with private JSON failures (5.1352ms)
✔ returns only an internal public Ask path (1.0406ms)
✔ reader profile uses a verified Google identity and a restricted avatar host (0.3385ms)
✔ Ask registry marker stays server-owned and is recorded only once (0.2617ms)
✔ anonymous session response is private, contains CSRF and never a token or profile (2.7064ms)
✔ cancelled or missing OAuth return cannot unlock a reader or redirect outside Ask (3.1226ms)
✔ phone requires explicit E.164 country code (0.5833ms)
✔ user metadata cannot confer Google or phone verification (0.2671ms)
✔ CSRF token requires same origin and same cookie (0.5669ms)
✔ only supported providers with confirmed email satisfy the identity gate (0.194ms)
ask_delivery_rejected {"status":200,"resultType":"boolean","result":false,"fields":["result","message"],"code":null}
ask_delivery_rejected {"status":307,"resultType":"undefined","result":false,"fields":[],"code":null}
ask_delivery_transport network
✔ enabled OAuth routes preserve PKCE and use each providers scopes (14.6893ms)
✔ multiple cookies survive response headers and no-store is explicit (0.8425ms)
✔ disabled identity routes fail closed without external calls (0.2998ms)
✔ signed WATI hook sends the requested phone, never old user.phone (3.0906ms)
✔ the signed WATI hook accepts confirmed identities from each supported provider (2.9382ms)
✔ unsigned, expired and ambiguous phone payloads cannot send (2.1838ms)
✔ template mapping and limits must be configured before sending (1.2362ms)
✔ WATI HTTP200 rejection is not a successful OTP send (1.1098ms)
✔ WATI redirects fail without forwarding credentials (1.7406ms)
✔ provider exceptions never disclose token, phone or OTP (1.1961ms)
✔ Relevant knowledge keeps the selected service editable in the existing enquiry (1.1207ms)
✔ Reader registration buckets contain no question, identity or diagnosis history (0.4282ms)
✔ Exact approved library returns and permitted campaign identifiers survive Google (1.2786ms)
✔ One shared reading block preserves medical-care and franchise exceptions (4.6795ms)
✔ Shared video reader assembly preserves public content and crawler registration disclosure (1.7407ms)
✔ consented public journeys retain only recognised referrer origins, never answer or search details (7.8061ms)
✔ unrecognised, authenticated and private referrers remain excluded (7.6217ms)
✔ consented source survives an untagged centre/form/direct journey; withdrawal clears it (5.8897ms)
✔ invalid, expired, GPC, unconsented and labelled validation sources cannot accompany an enquiry (4.9036ms)
✔ acceptance requires a minimal receipt; duplicates, private references and legacy envelopes are silent (2.9105ms)
✔ book identity spans sibling routes and withdrawal clears its root cookies only (9.8829ms)
✔ book acquisition sends a known origin, never referring paths, queries or arbitrary campaigns (11.2531ms)
✔ free resource downloads need consent and carry only the fixed resource identity (3.0359ms)
✔ bookshop direct contact links count once after consent without exporting WhatsApp text (4.698ms)
✔ central WhatsApp contact taps on managed journeys use one exact event after consent (15.0803ms)
✔ consented campaign attribution retains safe allowlisted fields on coarse public identities (17.6133ms)
✔ unsafe, duplicate and oversized attribution is omitted without exporting private values (23.3609ms)
✔ Ask private and API descendants stay uninstrumented even with a public variant marker (7.9913ms)
✔ Ask consented calls stay coarse and exclude the question slug and search query (5.977ms)
✔ knowledge consent works with only family buckets and no sensitive content (12.2175ms)
✔ no analytics before consent; valid consent sends only fixed CTA fields (1.4014ms)
✔ accepted enquiries send one fixed consented event on the enrolment route only (7.2366ms)
✔ every current managed public route has a coarse measurement configuration (222.5299ms)
✔ new life and PinnacleAI placements record only the national call destination (11.5758ms)
✔ unknown destinations and placements are ignored without blocking navigation (1.0215ms)
✔ all verified centre links are measured after consent without exporting centre or query values (3.5234ms)
✔ withdrawal stops events and clears only owned cookies (1.2677ms)
✔ GPC overrides stored or new acceptance (1.0934ms)
✔ local preview and unrelated routes never send analytics (3.119ms)
✔ expired or future consent does not activate; restored consent keeps original expiry (3.5654ms)
✔ unavailable storage does not interrupt choice or CTA handling (2.4308ms)
✔ page variant accepts only the two fixed values (4.0266ms)
✔ public speech guides measure their exact canonical without visitor query values (3.6307ms)
✔ managed therapy pages and centre directory use their own groups and enquiry service (5.9123ms)
✔ rendered occupational actions emit coarse consented events and no private destination values (6.3912ms)
✔ rendered ABA actions emit only coarse consented events (5.4878ms)
✔ rendered Autism first-call actions emit only coarse consented events (5.6507ms)
✔ centre directory actions stay coarse and never export centre names, hashes or search terms (1.0224ms)
✔ assessment calls and generic enquiries are consented fixed events (2.2926ms)
✔ centre-detail events omit the branch identity and query values under consent and GPC (13.8971ms)
✔ book ecommerce respects consent, withdrawal, GPC and production routes (4.3836ms)
✔ book ecommerce reconstructs public item fields and rejects unsupported payloads (1.0655ms)
✔ product views and sample clicks are measured once consent is present (1.7272ms)
✔ authorized GA4 main stream receives one page view after repeated acceptance (0.9089ms)
✔ all native and English purchase book routes receive consented commerce events (99.0251ms)
✔ native route expansion rejects unknown paths and malformed catalogue destinations (8.0962ms)
✔ Knowledge campaign handoff requires consent and withdrawal restores the original link (4.0097ms)
✔ Missing, unavailable or unexecuted browser/page cannot be green (1.325ms)
✔ Build cases use actual build locations and retain public canonicals (13.2613ms)
✔ Existing page priorities and unpublished libraries remain accountable (10.0215ms)
✔ Daily coverage reserves bounded revisits while progressing through every published record (41.5534ms)
✔ Remote JavaScript assertions parse inside the async callback wrapper used by Appium (30.8034ms)
✔ Full record coverage is bounded, complete, unique and keeps unpublished pages pending (7.1057ms)
✔ Approved neutral header is not reused for current-page highlights or a reader backdrop (0.4301ms)
✔ Tall Edge tablet viewport receives sufficient VM screen height (0.1315ms)
✔ Viewport calibration uses actual clamped outer bounds and rejects impossible dimensions (0.6603ms)
✔ Image visibility excludes closed disclosures and horizontal offscreen images (0.35ms)
✔ Owner-directed video registration joins the existing knowledge reader gate (6.7193ms)
✔ Saved failures outrank demand and P1 cannot clear a P2 failure or another browser (8.9759ms)
✔ Unclosed or incomplete runs never advance coverage and last pass remains distinct from failure (0.6015ms)
ℹ tests 94
ℹ suites 0
ℹ pass 94
ℹ fail 0
ℹ cancelled 0
ℹ skipped 0
ℹ todo 0
ℹ duration_ms 1223.4378
